// Jest Snapshot v1, https://goo.gl/fbAQLP

exports[`<Button /> should render a medium button by default 1`] = `
.c0 {
  display: -webkit-inline-box;
  display: -webkit-inline-flex;
  display: -ms-inline-flexbox;
  display: inline-flex;
  -webkit-align-items: center;
  -webkit-box-align: center;
  -ms-flex-align: center;
  align-items: center;
  -webkit-box-pack: center;
  -webkit-justify-content: center;
  -ms-flex-pack: center;
  justify-content: center;
  gap: 0.7rem;
  background: linear-gradient( 178.59deg, #ff5f5f -14.51%, #f062c0 102.86%, #f23131 102.86% );
  border: none;
  border-radius: 0.4rem;
  padding: 0.8rem;
  cursor: pointer;
  color: #FAFAFA;
  -webkit-text-decoration: none;
  text-decoration: none;
  height: 4rem;
  font-size: 1.4rem;
  padding: 0.8rem 3.2rem;
}

.c0:hover {
  background: linear-gradient(180deg,#e35565 0%,#d958a6 100%);
}

<button
  class="c0"
>
  Buy now
</button>
`;
