// Jest Snapshot v1, https://goo.gl/fbAQLP

exports[`<Footer /> should render the cart list 1`] = `
.c6 {
  background-color: #EAEAEA;
  color: #030517;
  font-weight: 600;
  padding: 1.6rem 2rem;
  display: -webkit-box;
  display: -webkit-flex;
  display: -ms-flexbox;
  display: flex;
  -webkit-align-items: center;
  -webkit-box-align: center;
  -ms-flex-align: center;
  align-items: center;
  -webkit-box-pack: justify;
  -webkit-justify-content: space-between;
  -ms-flex-pack: justify;
  justify-content: space-between;
}

.c7 {
  color: #F231A5;
}

.c0 {
  background-color: #FAFAFA;
  border-bottom: 0.1rem solid #EAEAEA;
  padding: 2.4rem;
}

.c1 {
  display: -webkit-box;
  display: -webkit-flex;
  display: -ms-flexbox;
  display: flex;
}

.c2 {
  -webkit-flex-shrink: 0;
  -ms-flex-negative: 0;
  flex-shrink: 0;
  margin-right: 1.2rem;
  width: 9.6rem;
  height: 5.6rem;
}

.c2 img {
  width: 100%;
  height: 100%;
  object-fit: cover;
}

.c3 {
  display: -webkit-box;
  display: -webkit-flex;
  display: -ms-flexbox;
  display: flex;
  -webkit-flex-direction: column;
  -ms-flex-direction: column;
  flex-direction: column;
  -webkit-align-items: flex-start;
  -webkit-box-align: flex-start;
  -ms-flex-align: flex-start;
  align-items: flex-start;
}

.c4 {
  font-size: 1.4rem;
  line-height: 1.4rem;
  font-weight: 600;
  color: #030517;
  margin-bottom: 0.8rem;
  display: -webkit-box;
  display: -webkit-flex;
  display: -ms-flexbox;
  display: flex;
  -webkit-align-items: center;
  -webkit-box-align: center;
  -ms-flex-align: center;
  align-items: center;
}

.c5 {
  color: #FAFAFA;
  padding: 0.2rem 0.8rem;
  background-color: #3CD3C1;
  border-radius: 0.4rem;
  font-size: 1.4rem;
  font-weight: 600;
}

@media (min-width:768px) {
  .c0 {
    display: -webkit-box;
    display: -webkit-flex;
    display: -ms-flexbox;
    display: flex;
  }
}

@media (min-width:768px) {
  .c2 {
    margin-right: 1.6rem;
    width: 15rem;
    height: 7rem;
  }
}

@media (min-width:768px) {
  .c4 {
    font-size: 2rem;
    line-height: 2rem;
  }
}

<div
  class=""
>
  <div
    class="c0"
  >
    <div
      class="c1"
    >
      <div
        class="c2"
      >
        <img
          alt="Red Dead Redemption 2"
          src="https://source.unsplash.com/user/willianjusten/151x70"
        />
      </div>
      <div
        class="c3"
      >
        <h3
          class="c4"
        >
          Red Dead Redemption 2
        </h3>
        <p
          class="c5"
        >
          $ 215,00
        </p>
      </div>
    </div>
  </div>
  <div
    class="c0"
  >
    <div
      class="c1"
    >
      <div
        class="c2"
      >
        <img
          alt="Borderlands 3"
          src="https://source.unsplash.com/user/willianjusten/151x71"
        />
      </div>
      <div
        class="c3"
      >
        <h3
          class="c4"
        >
          Borderlands 3
        </h3>
        <p
          class="c5"
        >
          $ 215,00
        </p>
      </div>
    </div>
  </div>
  <div
    class="c6"
  >
    <span>
      Total:
    </span>
    <span
      class="c7"
    >
      $ 430,00
    </span>
  </div>
</div>
`;
